[    0.000000] Linux version 4.15.0-101-generic (buildd@lgw01-amd64-003) (gcc version 7.5.0 (Ubuntu 7.5.0-3ubuntu1~18.04)) #102-Ubuntu SMP Mon May 11 10:07:26 UTC 2020 (Ubuntu 4.15.0-101.102-generic 4.15.18)
[    0.000000] Command line: BOOT_IMAGE=/boot/vmlinuz-4.15.0-101-generic root=LABEL=cloudimg-rootfs ro console=tty1 console=ttyS0
[    0.000000] KERNEL supported cpus:
[    0.000000]   Intel GenuineIntel
[    0.000000]   AMD AuthenticAMD
[    0.000000]   Centaur CentaurHauls
[    0.000000] x86/fpu: Supporting XSAVE feature 0x001: 'x87 floating point registers'
[    0.000000] x86/fpu: Supporting XSAVE feature 0x002: 'SSE registers'
[    0.000000] x86/fpu: Supporting XSAVE feature 0x004: 'AVX registers'
[    0.000000] x86/fpu: xstate_offset[2]:  576, xstate_sizes[2]:  256
[    0.000000] x86/fpu: Enabled xstate features 0x7, context size is 832 bytes, using 'standard' format.
[    0.000000] e820: BIOS-provided physical RAM map:
[    0.000000] BIOS-e820: [mem 0x0000000000000000-0x000000000009fbff] usable
[    0.000000] BIOS-e820: [mem 0x000000000009fc00-0x000000000009ffff] reserved
[    0.000000] BIOS-e820: [mem 0x00000000000f0000-0x00000000000fffff] reserved
[    0.000000] BIOS-e820: [mem 0x0000000000100000-0x000000007ffeffff] usable
[    0.000000] BIOS-e820: [mem 0x000000007fff0000-0x000000007fffffff] ACPI data
[    0.000000] BIOS-e820: [mem 0x00000000fec00000-0x00000000fec00fff] reserved
[    0.000000] BIOS-e820: [mem 0x00000000fee00000-0x00000000fee00fff] reserved
[    0.000000] BIOS-e820: [mem 0x00000000fffc0000-0x00000000ffffffff] reserved
[    0.000000] NX (Execute Disable) protection: active
[    0.000000] SMBIOS 2.5 present.
[    0.000000] DMI: innotek GmbH VirtualBox/VirtualBox, BIOS VirtualBox 12/01/2006
[    0.000000] Hypervisor detected: KVM
[    0.000000] e820: last_pfn = 0x7fff0 max_arch_pfn = 0x400000000
[    0.000000] MTRR: Disabled
[    0.000000] x86/PAT: MTRRs disabled, skipping PAT initialization too.
[    0.000000] CPU MTRRs all blank - virtualized system.
[    0.000000] x86/PAT: Configuration [0-7]: WB  WT  UC- UC  WB  WT  UC- UC  
[    0.000000] found SMP MP-table at [mem 0x0009fff0-0x0009ffff]
[    0.000000] Scanning 1 areas for low memory corruption
[    0.000000] RAMDISK: [mem 0x35a6b000-0x36d2cfff]
[    0.000000] ACPI: Early table checksum verification disabled
[    0.000000] ACPI: RSDP 0x00000000000E0000 000024 (v02 VBOX  )
[    0.000000] ACPI: XSDT 0x000000007FFF0030 00003C (v01 VBOX   VBOXXSDT 00000001 ASL  00000061)
[    0.000000] ACPI: FACP 0x000000007FFF00F0 0000F4 (v04 VBOX   VBOXFACP 00000001 ASL  00000061)
[    0.000000] ACPI: DSDT 0x000000007FFF0470 0022EA (v02 VBOX   VBOXBIOS 00000002 INTL 20100528)
[    0.000000] ACPI: FACS 0x000000007FFF0200 000040
[    0.000000] ACPI: FACS 0x000000007FFF0200 000040
[    0.000000] ACPI: APIC 0x000000007FFF0240 00005C (v02 VBOX   VBOXAPIC 00000001 ASL  00000061)
[    0.000000] ACPI: SSDT 0x000000007FFF02A0 0001CC (v01 VBOX   VBOXCPUT 00000002 INTL 20100528)
[    0.000000] No NUMA configuration found
[    0.000000] Faking a node at [mem 0x0000000000000000-0x000000007ffeffff]
[    0.000000] NODE_DATA(0) allocated [mem 0x7ffc5000-0x7ffeffff]
[    0.000000] kvm-clock: cpu 0, msr 0:7ff44001, primary cpu clock
[    0.000000] kvm-clock: Using msrs 4b564d01 and 4b564d00
[    0.000000] kvm-clock: using sched offset of 7089313051 cycles
[    0.000000] clocksource: kvm-clock: mask: 0xffffffffffffffff max_cycles: 0x1cd42e4dffb, max_idle_ns: 881590591483 ns
[    0.000000] Zone ranges:
[    0.000000]   DMA      [mem 0x0000000000001000-0x0000000000ffffff]
[    0.000000]   DMA32    [mem 0x0000000001000000-0x000000007ffeffff]
[    0.000000]   Normal   empty
[    0.000000]   Device   empty
[    0.000000] Movable zone start for each node
[    0.000000] Early memory node ranges
[    0.000000]   node   0: [mem 0x0000000000001000-0x000000000009efff]
[    0.000000]   node   0: [mem 0x0000000000100000-0x000000007ffeffff]
[    0.000000] Reserved but unavailable: 98 pages
[    0.000000] Initmem setup node 0 [mem 0x0000000000001000-0x000000007ffeffff]
[    0.000000] ACPI: PM-Timer IO Port: 0x4008
[    0.000000] IOAPIC[0]: apic_id 2, version 32, address 0xfec00000, GSI 0-23
[    0.000000] ACPI: INT_SRC_OVR (bus 0 bus_irq 0 global_irq 2 dfl dfl)
[    0.000000] ACPI: INT_SRC_OVR (bus 0 bus_irq 9 global_irq 9 low level)
[    0.000000] Using ACPI (MADT) for SMP configuration information
[    0.000000] smpboot: Allowing 2 CPUs, 0 hotplug CPUs
[    0.000000] PM: Registered nosave memory: [mem 0x00000000-0x00000fff]
[    0.000000] PM: Registered nosave memory: [mem 0x0009f000-0x0009ffff]
[    0.000000] PM: Registered nosave memory: [mem 0x000a0000-0x000effff]
[    0.000000] PM: Registered nosave memory: [mem 0x000f0000-0x000fffff]
[    0.000000] e820: [mem 0x80000000-0xfebfffff] available for PCI devices
[    0.000000] Booting paravirtualized kernel on KVM
[    0.000000] clocksource: refined-jiffies: mask: 0xffffffff max_cycles: 0xffffffff, max_idle_ns: 7645519600211568 ns
[    0.000000] random: get_random_bytes called from start_kernel+0x99/0x4fd with crng_init=0
[    0.000000] setup_percpu: NR_CPUS:8192 nr_cpumask_bits:2 nr_cpu_ids:2 nr_node_ids:1
[    0.000000] percpu: Embedded 45 pages/cpu s147456 r8192 d28672 u1048576
[    0.000000] PV qspinlock hash table entries: 256 (order: 0, 4096 bytes)
[    0.000000] Built 1 zonelists, mobility grouping on.  Total pages: 515961
[    0.000000] Policy zone: DMA32
[    0.000000] Kernel command line: BOOT_IMAGE=/boot/vmlinuz-4.15.0-101-generic root=LABEL=cloudimg-rootfs ro console=tty1 console=ttyS0
[    0.000000] Memory: 2015252K/2096696K available (12300K kernel code, 2481K rwdata, 4268K rodata, 2432K init, 2712K bss, 81444K reserved, 0K cma-reserved)
[    0.000000] SLUB: HWalign=64, Order=0-3, MinObjects=0, CPUs=2, Nodes=1
[    0.000000] Kernel/User page tables isolation: enabled
[    0.000000] ftrace: allocating 39364 entries in 154 pages
[    0.004000] Hierarchical RCU implementation.
[    0.004000] 	RCU restricting CPUs from NR_CPUS=8192 to nr_cpu_ids=2.
[    0.004000] 	Tasks RCU enabled.
[    0.004000] RCU: Adjusting geometry for rcu_fanout_leaf=16, nr_cpu_ids=2
[    0.004000] NR_IRQS: 524544, nr_irqs: 440, preallocated irqs: 16
[    0.004000] Console: colour VGA+ 80x25
[    0.004000] console [tty1] enabled
[    0.004000] console [ttyS0] enabled
[    0.004000] ACPI: Core revision 20170831
[    0.004000] ACPI: 2 ACPI AML tables successfully acquired and loaded
[    0.004000] APIC: Switch to symmetric I/O mode setup
[    0.004000] x2apic enabled
[    0.004000] Switched APIC routing to physical x2apic.
[    0.004000] ..TIMER: vector=0x30 apic1=0 pin1=2 apic2=-1 pin2=-1
[    0.004004] tsc: Detected 2712.000 MHz processor
[    0.004952] Calibrating delay loop (skipped) preset value.. 5424.00 BogoMIPS (lpj=10848000)
[    0.008003] pid_max: default: 32768 minimum: 301
[    0.009361] Security Framework initialized
[    0.010420] Yama: becoming mindful.
[    0.012019] AppArmor: AppArmor initialized
[    0.014654] Dentry cache hash table entries: 262144 (order: 9, 2097152 bytes)
[    0.017606] Inode-cache hash table entries: 131072 (order: 8, 1048576 bytes)
[    0.019286] Mount-cache hash table entries: 4096 (order: 3, 32768 bytes)
[    0.020006] Mountpoint-cache hash table entries: 4096 (order: 3, 32768 bytes)
[    0.021648] Last level iTLB entries: 4KB 64, 2MB 8, 4MB 8
[    0.022778] Last level dTLB entries: 4KB 64, 2MB 0, 4MB 0, 1GB 4
[    0.024002] Spectre V1 : Mitigation: usercopy/swapgs barriers and __user pointer sanitization
[    0.025813] Spectre V2 : Mitigation: Full generic retpoline
[    0.028002] Spectre V2 : Spectre v2 / SpectreRSB mitigation: Filling RSB on context switch
[    0.029962] Speculative Store Bypass: Vulnerable
[    0.031116] MDS: Mitigation: Clear CPU buffers
[    0.032153] Freeing SMP alternatives memory: 36K
[    0.143512] smpboot: CPU0: Intel(R) Core(TM) i7-6820HQ CPU @ 2.70GHz (family: 0x6, model: 0x5e, stepping: 0x3)
[    0.144000] Performance Events: unsupported p6 CPU model 94 no PMU driver, software events only.
[    0.144062] Hierarchical SRCU implementation.
[    0.148921] NMI watchdog: Perf event create on CPU 0 failed with -2
[    0.152006] NMI watchdog: Perf NMI watchdog permanently disabled
[    0.153939] smp: Bringing up secondary CPUs ...
[    0.156072] x86: Booting SMP configuration:
[    0.157488] .... node  #0, CPUs:      #1
[    0.004000] kvm-clock: cpu 1, msr 0:7ff44041, secondary cpu clock
[    0.162313] smp: Brought up 1 node, 2 CPUs
[    0.162313] smpboot: Max logical packages: 1
[    0.164025] smpboot: Total of 2 processors activated (10848.00 BogoMIPS)
[    0.166454] devtmpfs: initialized
[    0.168051] x86/mm: Memory block size: 128MB
[    0.169179] evm: security.selinux
[    0.169954] evm: security.SMACK64
[    0.170690] evm: security.SMACK64EXEC
[    0.172003] evm: security.SMACK64TRANSMUTE
[    0.173474] evm: security.SMACK64MMAP
[    0.174460] evm: security.apparmor
[    0.175205] evm: security.ima
[    0.175881] evm: security.capability
[    0.176104] clocksource: jiffies: mask: 0xffffffff max_cycles: 0xffffffff, max_idle_ns: 7645041785100000 ns
[    0.180017] futex hash table entries: 512 (order: 3, 32768 bytes)
[    0.181783] pinctrl core: initialized pinctrl subsystem
[    0.184103] RTC time: 20:56:02, date: 05/22/20
[    0.185499] NET: Registered protocol family 16
[    0.186538] audit: initializing netlink subsys (disabled)
[    0.188028] audit: type=2000 audit(1590180970.827:1): state=initialized audit_enabled=0 res=1
[    0.188105] cpuidle: using governor ladder
[    0.188895] cpuidle: using governor menu
[    0.192031] ACPI: bus type PCI registered
[    0.192931] acpiphp: ACPI Hot Plug PCI Controller Driver version: 0.5
[    0.194485] PCI: Using configuration type 1 for base access
[    0.197568] HugeTLB registered 2.00 MiB page size, pre-allocated 0 pages
[    0.200079] ACPI: Added _OSI(Module Device)
[    0.201253] ACPI: Added _OSI(Processor Device)
[    0.204003] ACPI: Added _OSI(3.0 _SCP Extensions)
[    0.204994] ACPI: Added _OSI(Processor Aggregator Device)
[    0.206115] ACPI: Added _OSI(Linux-Dell-Video)
[    0.207101] ACPI: Added _OSI(Linux-Lenovo-NV-HDMI-Audio)
[    0.208004] ACPI: Added _OSI(Linux-HPI-Hybrid-Graphics)
[    0.209493] ACPI: Executed 1 blocks of module-level executable AML code
[    0.214648] ACPI: Interpreter enabled
[    0.215465] ACPI: (supports S0 S5)
[    0.216003] ACPI: Using IOAPIC for interrupt routing
[    0.217258] PCI: Using host bridge windows from ACPI; if necessary, use "pci=nocrs" and report a bug
[    0.219387] ACPI: Enabled 2 GPEs in block 00 to 07
[    0.226827] ACPI: PCI Root Bridge [PCI0] (domain 0000 [bus 00-ff])
[    0.228008] acpi PNP0A03:00: _OSC: OS supports [ASPM ClockPM Segments MSI]
[    0.229913] acpi PNP0A03:00: _OSC: not requesting OS control; OS requires [ExtendedConfig ASPM ClockPM MSI]
[    0.232011] acpi PNP0A03:00: fail to add MMCONFIG information, can't access extended PCI configuration space under this bridge.
[    0.234934] PCI host bridge to bus 0000:00
[    0.236003] pci_bus 0000:00: root bus resource [io  0x0000-0x0cf7 window]
[    0.237389] pci_bus 0000:00: root bus resource [io  0x0d00-0xffff window]
[    0.238837] pci_bus 0000:00: root bus resource [mem 0x000a0000-0x000bffff window]
[    0.240002] pci_bus 0000:00: root bus resource [mem 0x80000000-0xfdffffff window]
[    0.241610] pci_bus 0000:00: root bus resource [bus 00-ff]
[    0.248271] pci 0000:00:01.1: legacy IDE quirk: reg 0x10: [io  0x01f0-0x01f7]
[    0.249946] pci 0000:00:01.1: legacy IDE quirk: reg 0x14: [io  0x03f6]
[    0.251303] pci 0000:00:01.1: legacy IDE quirk: reg 0x18: [io  0x0170-0x0177]
[    0.252002] pci 0000:00:01.1: legacy IDE quirk: reg 0x1c: [io  0x0376]
[    0.270228] pci 0000:00:07.0: quirk: [io  0x4000-0x403f] claimed by PIIX4 ACPI
[    0.272023] pci 0000:00:07.0: quirk: [io  0x4100-0x410f] claimed by PIIX4 SMB
[    0.282151] ACPI: PCI Interrupt Link [LNKA] (IRQs 5 9 10 *11)
[    0.284273] ACPI: PCI Interrupt Link [LNKB] (IRQs 5 9 *10 11)
[    0.285942] ACPI: PCI Interrupt Link [LNKC] (IRQs 5 *9 10 11)
[    0.287645] ACPI: PCI Interrupt Link [LNKD] (IRQs 5 9 10 *11)
[    0.288397] SCSI subsystem initialized
[    0.289548] pci 0000:00:02.0: vgaarb: setting as boot VGA device
[    0.289548] pci 0000:00:02.0: vgaarb: VGA device added: decodes=io+mem,owns=io+mem,locks=none
[    0.292009] pci 0000:00:02.0: vgaarb: bridge control possible
[    0.293230] vgaarb: loaded
[    0.293866] ACPI: bus type USB registered
[    0.296028] usbcore: registered new interface driver usbfs
[    0.297176] usbcore: registered new interface driver hub
[    0.298400] usbcore: registered new device driver usb
[    0.300019] EDAC MC: Ver: 3.0.0
[    0.301001] PCI: Using ACPI for IRQ routing
[    0.301258] NetLabel: Initializing
[    0.302029] NetLabel:  domain hash size = 128
[    0.302957] NetLabel:  protocols = UNLABELED CIPSOv4 CALIPSO
[    0.304022] NetLabel:  unlabeled traffic allowed by default
[    0.305200] clocksource: Switched to clocksource kvm-clock
[    0.318141] VFS: Disk quotas dquot_6.6.0
[    0.319441] VFS: Dquot-cache hash table entries: 512 (order 0, 4096 bytes)
[    0.321012] AppArmor: AppArmor Filesystem Enabled
[    0.322054] pnp: PnP ACPI init
[    0.324066] pnp: PnP ACPI: found 3 devices
[    0.334058] clocksource: acpi_pm: mask: 0xffffff max_cycles: 0xffffff, max_idle_ns: 2085701024 ns
[    0.336103] NET: Registered protocol family 2
[    0.337539] TCP established hash table entries: 16384 (order: 5, 131072 bytes)
[    0.339796] TCP bind hash table entries: 16384 (order: 6, 262144 bytes)
[    0.341577] TCP: Hash tables configured (established 16384 bind 16384)
[    0.344581] UDP hash table entries: 1024 (order: 3, 32768 bytes)
[    0.345883] UDP-Lite hash table entries: 1024 (order: 3, 32768 bytes)
[    0.347386] NET: Registered protocol family 1
[    0.348353] pci 0000:00:00.0: Limiting direct PCI/PCI transfers
[    0.349611] pci 0000:00:01.0: Activating ISA DMA hang workarounds
[    0.351048] pci 0000:00:02.0: Video device with shadowed ROM at [mem 0x000c0000-0x000dffff]
[    0.353145] Unpacking initramfs...
[    0.647337] Freeing initrd memory: 19208K
[    0.649222] clocksource: tsc: mask: 0xffffffffffffffff max_cycles: 0x2717868ea45, max_idle_ns: 440795316085 ns
[    0.652783] platform rtc_cmos: registered platform RTC device (no PNP device found)
[    0.654530] Scanning for low memory corruption every 60 seconds
[    0.656434] Initialise system trusted keyrings
[    0.657408] Key type blacklist registered
[    0.658337] workingset: timestamp_bits=36 max_order=19 bucket_order=0
[    0.660533] zbud: loaded
[    0.661759] squashfs: version 4.0 (2009/01/31) Phillip Lougher
[    0.663298] fuse init (API version 7.26)
[    0.666174] Key type asymmetric registered
[    0.667390] Asymmetric key parser 'x509' registered
[    0.668466] Block layer SCSI generic (bsg) driver version 0.4 loaded (major 246)
[    0.670297] io scheduler noop registered
[    0.671526] io scheduler deadline registered
[    0.672610] io scheduler cfq registered (default)
[    0.674637] ACPI: AC Adapter [AC] (on-line)
[    0.675594] input: Power Button as /devices/LNXSYSTM:00/LNXPWRBN:00/input/input0
[    0.677259] ACPI: Power Button [PWRF]
[    0.678148] input: Sleep Button as /devices/LNXSYSTM:00/LNXSLPBN:00/input/input1
[    0.679713] ACPI: Sleep Button [SLPF]
[    0.682007] ACPI: Battery Slot [BAT0] (battery present)
[    0.684304] virtio-pci 0000:00:03.0: virtio_pci: leaving for legacy driver
[    0.685965] Serial: 8250/16550 driver, 32 ports, IRQ sharing enabled
[    0.708352] 00:02: ttyS0 at I/O 0x3f8 (irq = 4, base_baud = 115200) is a 16550A
[    0.713322] Linux agpgart interface v0.103
[    0.717837] loop: module loaded
[    0.719148] scsi host0: ata_piix
[    0.720303] scsi host1: ata_piix
[    0.721337] ata1: PATA max UDMA/33 cmd 0x1f0 ctl 0x3f6 bmdma 0xd000 irq 14
[    0.722926] ata2: PATA max UDMA/33 cmd 0x170 ctl 0x376 bmdma 0xd008 irq 15
[    0.724490] libphy: Fixed MDIO Bus: probed
[    0.725414] tun: Universal TUN/TAP device driver, 1.6
[    0.726846] PPP generic driver version 2.4.2
[    0.727873] ehci_hcd: USB 2.0 'Enhanced' Host Controller (EHCI) Driver
[    0.729265] ehci-pci: EHCI PCI platform driver
[    0.730226] ehci-platform: EHCI generic platform driver
[    0.731329] ohci_hcd: USB 1.1 'Open' Host Controller (OHCI) Driver
[    0.732644] ohci-pci: OHCI PCI platform driver
[    0.733593] ohci-platform: OHCI generic platform driver
[    0.734697] uhci_hcd: USB Universal Host Controller Interface driver
[    0.736046] i8042: PNP: PS/2 Controller [PNP0303:PS2K,PNP0f03:PS2M] at 0x60,0x64 irq 1,12
[    0.738223] serio: i8042 KBD port at 0x60,0x64 irq 1
[    0.739320] serio: i8042 AUX port at 0x60,0x64 irq 12
[    0.740555] mousedev: PS/2 mouse device common for all mice
[    0.742373] input: AT Translated Set 2 keyboard as /devices/platform/i8042/serio0/input/input2
[    0.744626] rtc_cmos rtc_cmos: rtc core: registered rtc_cmos as rtc0
[    0.745987] rtc_cmos rtc_cmos: alarms up to one day, 114 bytes nvram
[    0.747555] i2c /dev entries driver
[    0.748397] device-mapper: uevent: version 1.0.3
[    0.749476] device-mapper: ioctl: 4.37.0-ioctl (2017-09-20) initialised: dm-devel@redhat.com
[    0.751689] ledtrig-cpu: registered to indicate activity on CPUs
[    0.753890] NET: Registered protocol family 10
[    0.758885] Segment Routing with IPv6
[    0.760005] NET: Registered protocol family 17
[    0.761319] Key type dns_resolver registered
[    0.762779] mce: Using 0 MCE banks
[    0.763870] RAS: Correctable Errors collector initialized.
[    0.765162] sched_clock: Marking stable (765146682, 0)->(951119075, -185972393)
[    0.767202] registered taskstats version 1
[    0.768098] Loading compiled-in X.509 certificates
[    0.771712] Loaded X.509 cert 'Build time autogenerated kernel key: 81757e40860ca54b8a45e323b66799c03c91a344'
[    0.774052] zswap: loaded using pool lzo/zbud
[    0.778648] Key type big_key registered
[    0.779719] Key type trusted registered
[    0.782708] Key type encrypted registered
[    0.783816] AppArmor: AppArmor sha1 policy hashing enabled
[    0.785277] ima: No TPM chip found, activating TPM-bypass! (rc=-19)
[    0.786900] ima: Allocated hash algorithm: sha1
[    0.788143] evm: HMAC attrs: 0x1
[    0.789256]   Magic number: 4:660:953
[    0.790204] memory memory6: hash matches
[    0.791153] rtc_cmos rtc_cmos: setting system clock to 2020-05-22 20:56:03 UTC (1590180963)
[    0.793431] BIOS EDD facility v0.16 2004-Jun-25, 0 devices found
[    0.795165] EDD information not available.
[    0.887760] Freeing unused kernel image memory: 2432K
[    0.900471] Write protecting the kernel read-only data: 20480k
[    0.903355] Freeing unused kernel image memory: 2008K
[    0.905185] Freeing unused kernel image memory: 1876K
[    0.913838] x86/mm: Checked W+X mappings: passed, no W+X pages found.
[    0.915308] x86/mm: Checking user space page tables
[    0.922723] x86/mm: Checked W+X mappings: passed, no W+X pages found.
Loading, please wait...
starting version 237
[    0.984976] Fusion MPT base driver 3.04.20
[    0.986259] Copyright (c) 1999-2008 LSI Corporation
[    0.991233] Fusion MPT SPI Host driver 3.04.20
[    0.993749] mptbase: ioc0: Initiating bringup
[    1.003339] AVX2 version of gcm_enc/dec engaged.
[    1.004749] AES CTR mode by8 optimization enabled
[    1.026756] virtio_net virtio0 enp0s3: renamed from eth0
[    1.088854] ioc0: LSI53C1030 A0: Capabilities={Initiator}
[    1.218648] input: ImExPS/2 Generic Explorer Mouse as /devices/platform/i8042/serio1/input/input4
[    1.802882] scsi host2: ioc0: LSI53C1030 A0, FwRev=00000000h, Ports=1, MaxQ=256, IRQ=20
[    2.614083] scsi 2:0:0:0: Direct-Access     VBOX     HARDDISK         1.0  PQ: 0 ANSI: 5
[    2.675573] scsi target2:0:0: Beginning Domain Validation
[    2.680174] scsi target2:0:0: Domain Validation skipping write tests
[    2.681784] scsi target2:0:0: Ending Domain Validation
[    2.683252] scsi target2:0:0: asynchronous
[    2.685430] scsi 2:0:1:0: Direct-Access     VBOX     HARDDISK         1.0  PQ: 0 ANSI: 5
[    2.744507] scsi target2:0:1: Beginning Domain Validation
[    2.746610] random: fast init done
[    2.750442] scsi target2:0:1: Domain Validation skipping write tests
[    2.752208] scsi target2:0:1: Ending Domain Validation
[    2.754076] scsi target2:0:1: asynchronous
[    2.762519] random: systemd-udevd: uninitialized urandom read (16 bytes read)
[    2.765321] random: systemd-udevd: uninitialized urandom read (16 bytes read)
[    2.767860] random: systemd-udevd: uninitialized urandom read (16 bytes read)
[    2.770335] sd 2:0:0:0: [sda] 20971520 512-byte logical blocks: (10.7 GB/10.0 GiB)
[    2.770392] sd 2:0:0:0: Attached scsi generic sg0 type 0
[    2.774076] sd 2:0:0:0: [sda] Write Protect is off
[    2.778787] sd 2:0:0:0: [sda] Incomplete mode parameter data
[    2.778808] sd 2:0:1:0: Attached scsi generic sg1 type 0
[    2.780751] sd 2:0:0:0: [sda] Assuming drive cache: write through
[    2.781243] sd 2:0:1:0: [sdb] 20480 512-byte logical blocks: (10.5 MB/10.0 MiB)
[    2.790009] sd 2:0:1:0: [sdb] Write Protect is off
[    2.792320] sd 2:0:1:0: [sdb] Incomplete mode parameter data
[    2.793794] sd 2:0:1:0: [sdb] Assuming drive cache: write through
[    2.796545]  sda: sda1
[    2.798722] sd 2:0:0:0: [sda] Attached SCSI disk
[    2.801743] sd 2:0:1:0: [sdb] Attached SCSI disk
Begin: Loading essential drivers ... [    4.240779] raid6: sse2x1   gen() 10366 MB/s
[    4.289260] raid6: sse2x1   xor()  7409 MB/s
[    4.336057] raid6: sse2x2   gen() 13323 MB/s
[    4.384527] raid6: sse2x2   xor()  8662 MB/s
[    4.432072] raid6: sse2x4   gen() 14948 MB/s
[    4.480528] raid6: sse2x4   xor()  9697 MB/s
[    4.528030] raid6: avx2x1   gen() 20267 MB/s
[    4.576102] raid6: avx2x1   xor() 13488 MB/s
[    4.624260] raid6: avx2x2   gen() 19986 MB/s
[    4.672544] raid6: avx2x2   xor() 15220 MB/s
[    4.725617] raid6: avx2x4   gen() 31018 MB/s
[    4.777952] raid6: avx2x4   xor() 21152 MB/s
[    4.779321] raid6: using algorithm avx2x4 gen() 31018 MB/s
[    4.780965] raid6: .... xor() 21152 MB/s, rmw enabled
[    4.782430] raid6: using avx2x2 recovery algorithm
[    4.784973] xor: automatically using best checksumming function   avx       
[    4.787620] async_tx: api initialized (async)
done.
Begin: Running /scripts/init-premount ... done.
Begin: Mounting root file system ... Begin: Running /scripts/local-top ... done.
Begin: Running /scripts/local-premount ... [    4.829719] Btrfs loaded, crc32c=crc32c-intel
Scanning for Btrfs filesystems
done.
Warning: fsck not present, so skipping root file system
[    4.869757] EXT4-fs (sda1): mounted filesystem with ordered data mode. Opts: (null)
done.
Begin: Running /scripts/local-bottom ... done.
Begin: Running /scripts/init-bottom ... done.
[    5.043696] ip_tables: (C) 2000-2006 Netfilter Core Team
[    5.060829] systemd[1]: systemd 237 running in system mode. (+PAM +AUDIT +SELINUX +IMA +APPARMOR +SMACK +SYSVINIT +UTMP +LIBCRYPTSETUP +GCRYPT +GNUTLS +ACL +XZ +LZ4 +SECCOMP +BLKID +ELFUTILS +KMOD -IDN2 +IDN -PCRE2 default-hierarchy=hybrid)
[    5.066063] systemd[1]: Detected virtualization oracle.
[    5.067203] systemd[1]: Detected architecture x86-64.

Welcome to [1mUbuntu 18.04.4 LTS[0m!

[    5.072710] systemd[1]: Set hostname to <ubuntu>.
[    5.080383] systemd[1]: Initializing machine ID from random generator.
[    5.081825] systemd[1]: Installed transient /etc/machine-id file.
[    5.342249] systemd[1]: Started Forward Password Requests to Wall Directory Watch.
[[0;32m  OK  [0m] Started Forward Password Requests to Wall Directory Watch.
[    5.346291] systemd[1]: Created slice User and Session Slice.
[[0;32m  OK  [0m] Created slice User and Session Slice.
[    5.348476] systemd[1]: Reached target Swap.
[[0;32m  OK  [0m] Reached target Swap.
[    5.350104] systemd[1]: Set up automount Arbitrary Executable File Formats File System Automount Point.
[[0;32m  OK  [0m] Set up automount Arbitrary Executabâ€¦rmats File System Automount Point.
[[0;32m  OK  [0m] Created slice System Slice.
[[0;32m  OK  [0m] Listening on udev Control Socket.
[[0;32m  OK  [0m] Listening on Device-mapper event daemon FIFOs.
[[0;32m  OK  [0m] Listening on /dev/initctl Compatibility Named Pipe.
[[0;32m  OK  [0m] Listening on Journal Audit Socket.
[[0;32m  OK  [0m] Reached target Slices.
[[0;32m  OK  [0m] Listening on udev Kernel Socket.
[[0;32m  OK  [0m] Created slice system-serial\x2dgetty.slice.
[[0;32m  OK  [0m] Listening on Network Service Netlink Socket.
[[0;32m  OK  [0m] Listening on Journal Socket.
         Mounting POSIX Message Queue File System...
         Mounting Huge Pages File System...
         Starting udev Coldplug all Devices...
         Starting Load Kernel Modules...
         Starting Remount Root and Kernel File Systems...
         Starting Uncomplicated firewall...
         Starting Set the console keyboard layout...
[[0;32m  OK  [0m] Listening on Syslog Socket.
         Starting Create list of required stâ€¦ce nodes for the current kernel...
[    5.408509] Loading iSCSI transport class v2.0-870.
[[0;32m  OK  [0m] Reached target System Time Synchronized.
[[0;32m  OK  [0m] Listening on Journal Socket (/dev/log).
         Starting Journal Service...
[[0;32m  OK  [0m] Listening on LVM2 poll daemon socket.
[[0;32m  OK  [0m] Reached target User and Group Name Lookups.
[[0;32m  OK  [0m] Listening on LVM2 metadata daemon socket.
         Starting Monitoring of LVM2 mirrorsâ€¦ng dmeventd or progress polling...
         Mounting Kernel Debug File System...
[[0;32m  OK  [0m] Mounted POSIX Message Queue File System.
[[0;32m  OK  [0m] Mounted Huge Pages File System.
[[0;32m  OK  [0m] Started Uncomplicated firewall.
[[0;32m  OK  [0m] Started Create list of required staâ€¦vice nodes for the current kernel.
[    5.457496] iscsi: registered transport (tcp)
[    5.465011] EXT4-fs (sda1): re-mounted. Opts: (null)
[[0;32m  OK  [0m] Started Remount Root and Kernel File Systems.
[[0;32m  OK  [0m] Mounted Kernel Debug File System.
[    5.486193] iscsi: registered transport (iser)
         Starting Load/Save Random Seed...
         Starting Create Static Device Nodes in /dev...
[[0;32m  OK  [0m] Started Journal Service.
[[0;32m  OK  [0m] Started Load Kernel Modules.
[[0;32m  OK  [0m] Started udev Coldplug all Devices.
         Starting Apply Kernel Variables...
         Mounting FUSE Control File System...
         Mounting Kernel Configuration File System...
         Starting Flush Journal to Persistent Storage...
[[0;32m  OK  [0m] Mounted FUSE Control File System.
[[0;32m  OK  [0m] Mounted Kernel Configuration File System.
[[0;32m  OK  [0m] Started Load/Save Random Seed.
[[0;32m  OK  [0m] Started LVM2 metadata daemon.
[[0;32m  OK  [0m] Started Create Static Device Nodes in /dev.
         Starting udev Kernel Device Manager...
[[0;32m  OK  [0m] Started udev Kernel Device Manager.
[[0;32m  OK  [0m] Started Set the console keyboard layout.
[[0;32m  OK  [0m] Started Apply Kernel Variables.
[[0;32m  OK  [0m] Started Monitoring of LVM2 mirrors,â€¦sing dmeventd or progress polling.
[[0;32m  OK  [0m] Started Dispatch Password Requests to Console Directory Watch.
[[0;32m  OK  [0m] Reached target Local Encrypted Volumes.
[[0;32m  OK  [0m] Reached target Local File Systems (Pre).
[[0;32m  OK  [0m] Reached target Local File Systems.
         Starting Set console font and keymap...
         Starting ebtables ruleset management...
         Starting AppArmor initialization...
         Starting Tell Plymouth To Write Out Runtime Data...
         Starting Commit a transient machine-id on disk...
[[0;32m  OK  [0m] Started Flush Journal to Persistent Storage.
[[0;32m  OK  [0m] Started Set console font and keymap.
[[0;32m  OK  [0m] Started Tell Plymouth To Write Out Runtime Data.
         Starting Create Volatile Files and Directories...
[[0;32m  OK  [0m] Found device /dev/ttyS0.
[[0;32m  OK  [0m] Started Create Volatile Files and Directories.
[[0;32m  OK  [0m] Started ebtables ruleset management.
[[0;32m  OK  [0m] Started Commit a transient machine-id on disk.
         Starting Update UTMP about System Boot/Shutdown...
[[0;32m  OK  [0m] Listening on Load/Save RF Kill Switch Status /dev/rfkill Watch.
[[0;32m  OK  [0m] Started Update UTMP about System Boot/Shutdown.
[[0;32m  OK  [0m] Started AppArmor initialization.
         Starting Initial cloud-init job (pre-networking)...
[    7.678266] cloud-init[549]: Cloud-init v. 19.4-33-gbb4131a2-0ubuntu1~18.04.1 running 'init-local' at Fri, 22 May 2020 20:56:10 +0000. Up 7.31 seconds.
[[0;32m  OK  [0m] Started Initial cloud-init job (pre-networking).
[[0;32m  OK  [0m] Reached target Network (Pre).
         Starting Network Service...
[[0;32m  OK  [0m] Started Network Service.
         Starting Network Name Resolution...
         Starting Wait for Network to be Configured...
[[0;32m  OK  [0m] Started Network Name Resolution.
[[0;32m  OK  [0m] Reached target Host and Network Name Lookups.
[[0;32m  OK  [0m] Reached target Network.
[[0;32m  OK  [0m] Started Wait for Network to be Configured.
         Starting Initial cloud-init job (metadata service crawler)...
[   10.203831] cloud-init[666]: Cloud-init v. 19.4-33-gbb4131a2-0ubuntu1~18.04.1 running 'init' at Fri, 22 May 2020 20:56:12 +0000. Up 10.05 seconds.
[   10.216407] cloud-init[666]: ci-info: ++++++++++++++++++++++++++++++++++++++Net device info++++++++++++++++++++++++++++++++++++++
[   10.228245] cloud-init[666]: ci-info: +--------+------+----------------------------+---------------+--------+-------------------+
[   10.230548] cloud-init[666]: ci-info: | Device |  Up  |          Address           |      Mask     | Scope  |     Hw-Address    |
[   10.233144] cloud-init[666]: ci-info: +--------+------+----------------------------+---------------+--------+-------------------+
[   10.235326] cloud-init[666]: ci-info: | enp0s3 | True |         10.0.2.15          | 255.255.255.0 | global | 02:b8:b0:53:1b:74 |
[   10.237987] cloud-init[666]: ci-info: | enp0s3 | True | fe80::b8:b0ff:fe53:1b74/64 |       .       |  link  | 02:b8:b0:53:1b:74 |
[   10.240229] cloud-init[666]: ci-info: |   lo   | True |         127.0.0.1          |   255.0.0.0   |  host  |         .         |
[   10.256187] cloud-init[666]: ci-info: |   lo   | True |          ::1/128           |       .       |  host  |         .         |
[   10.268216] cloud-init[666]: ci-info: +--------+------+----------------------------+---------------+--------+-------------------+
[   10.280270] cloud-init[666]: ci-info: ++++++++++++++++++++++++++++Route IPv4 info+++++++++++++++++++++++++++++
[   10.282913] cloud-init[666]: ci-info: +-------+-------------+----------+-----------------+-----------+-------+
[   10.285652] cloud-init[666]: ci-info: | Route | Destination | Gateway  |     Genmask     | Interface | Flags |
[   10.287943] cloud-init[666]: ci-info: +-------+-------------+----------+-----------------+-----------+-------+
[   10.290384] cloud-init[666]: ci-info: |   0   |   0.0.0.0   | 10.0.2.2 |     0.0.0.0     |   enp0s3  |   UG  |
[   10.292678] cloud-init[666]: ci-info: |   1   |   10.0.2.0  | 0.0.0.0  |  255.255.255.0  |   enp0s3  |   U   |
[   10.295142] cloud-init[666]: ci-info: |   2   |   10.0.2.2  | 0.0.0.0  | 255.255.255.255 |   enp0s3  |   UH  |
[   10.297467] cloud-init[666]: ci-info: +-------+-------------+----------+-----------------+-----------+-------+
[   10.299027] cloud-init[666]: ci-info: +++++++++++++++++++Route IPv6 info+++++++++++++++++++
[   10.300699] cloud-init[666]: ci-info: +-------+-------------+---------+-----------+-------+
[   10.302250] cloud-init[666]: ci-info: | Route | Destination | Gateway | Interface | Flags |
[   10.304166] cloud-init[666]: ci-info: +-------+-------------+---------+-----------+-------+
[   10.305519] cloud-init[666]: ci-info: |   1   |  fe80::/64  |    ::   |   enp0s3  |   U   |
[   10.307038] cloud-init[666]: ci-info: |   3   |    local    |    ::   |   enp0s3  |   U   |
[   10.308538] cloud-init[666]: ci-info: |   4   |   ff00::/8  |    ::   |   enp0s3  |   U   |
[   10.309987] cloud-init[666]: ci-info: +-------+-------------+---------+-----------+-------+
[   10.992570] cloud-init[666]: Generating public/private rsa key pair.
[   10.994045] cloud-init[666]: Your identification has been saved in /etc/ssh/ssh_host_rsa_key.
[   11.004637] cloud-init[666]: Your public key has been saved in /etc/ssh/ssh_host_rsa_key.pub.
[   11.005584] cloud-init[666]: The key fingerprint is:
[   11.016506] cloud-init[666]: SHA256:o5/N4WRY0mRr7yCpvL84zicRGkzYaiPBqbDZB/XT/I4 root@ubuntu-bionic
[   11.017543] cloud-init[666]: The key's randomart image is:
[   11.018116] cloud-init[666]: +---[RSA 2048]----+
[   11.028764] cloud-init[666]: |. .+.            |
[   11.029885] cloud-init[666]: |ooo o. o         |
[   11.030544] cloud-init[666]: |o= =  o o o      |
[   11.031605] cloud-init[666]: |= = + .. = .     |
[   11.032923] cloud-init[666]: | o o o .S *      |
[   11.034114] cloud-init[666]: |    . .. X .     |
[   11.035142] cloud-init[666]: |      ..E * .    |
[   11.036482] cloud-init[666]: |     oo+.O +     |
[   11.048293] cloud-init[666]: |     .B*=.+ .    |
[   11.049773] cloud-init[666]: +----[SHA256]-----+
[   11.051331] cloud-init[666]: Generating public/private dsa key pair.
[   11.052839] cloud-init[666]: Your identification has been saved in /etc/ssh/ssh_host_dsa_key.
[   11.055011] cloud-init[666]: Your public key has been saved in /etc/ssh/ssh_host_dsa_key.pub.
[   11.057090] cloud-init[666]: The key fingerprint is:
[   11.058489] cloud-init[666]: SHA256:D0+0OhIaHC6F31Q1DNE22pkfpnBLVWExiSAknk5tTFA root@ubuntu-bionic
[   11.060409] cloud-init[666]: The key's randomart image is:
[   11.061763] cloud-init[666]: +---[DSA 1024]----+
[   11.072368] cloud-init[666]: |      o+E*+. o*+ |
[   11.073637] cloud-init[666]: |   . . B .=.o... |
[   11.074502] cloud-init[666]: |  . o = ++.=     |
[   11.075788] cloud-init[666]: |   = * .o.*.o    |
[   11.076807] cloud-init[666]: |  . = + S+o= .   |
[   11.077991] cloud-init[666]: |   . o . *o .    |
[   11.079044] cloud-init[666]: |    . . o o      |
[   11.080284] cloud-init[666]: |       . .       |
[   11.081359] cloud-init[666]: |                 |
[   11.082479] cloud-init[666]: +----[SHA256]-----+
[   11.083755] cloud-init[666]: Generating public/private ecdsa key pair.
[   11.085367] cloud-init[666]: Your identification has been saved in /etc/ssh/ssh_host_ecdsa_key.
[   11.087157] cloud-init[666]: Your public key has been saved in /etc/ssh/ssh_host_ecdsa_key.pub.
[   11.089067] cloud-init[666]: The key fingerprint is:
[   11.090237] cloud-init[666]: SHA256:lIkzmY/uZaTb8DFmDCpOk6BfdY2strCWavoVVixy48g root@ubuntu-bionic
[   11.092055] cloud-init[666]: The key's randomart image is:
[   11.093075] cloud-init[666]: +---[ECDSA 256]---+
[   11.094511] cloud-init[666]: |                 |
[   11.095483] cloud-init[666]: |     . + o       |
[   11.096467] cloud-init[666]: |  . + O +        |
[   11.097666] cloud-init[666]: | . = + B o       |
[   11.098643] [[0;32m  OK  [0m] Started Initial cloud-init job (metadata service crawler).
[[0;32m  OK  [0m] Reached target Network is Online.
cloud-init[666]: |. E + + S .      |
[   11.102028] cloud-init[666]: |.. o = B         |
[   11.103132] cloud-init[666]: |. = =.* O        |
[[0;32m  OK  [0m] Reached target Remote File Systems (Pre).
[[0;32m  OK  [0m] Reached target Remote File Systems.
[   11.122875] cloud-init[666]: | +.=o= @ o       |
         Starting Availability of block devices...
[[0;32m  OK  [0m] Reached target Cloud-config availability.
[[0;32m  OK  [0m] Reached target System Initialization.
[[0;32m  OK  [0m] Started Daily apt download activities.
[[0;32m  OK  [0m] Started Message of the Day.
[[0;32m  OK  [0m] Started Discard unused blocks once a week.
[[0;32m  OK  [0m] Listening on D-Bus System Message Bus Socket.
[   11.131935] cloud-init[666]: |.+=o. + o        |
         Starting Socket activation for snappy daemon.
[   11.150933] cloud-init[666]: +----[SHA256]-----+
[   11.154139] cloud-init[666]: Generating public/private ed25519 key pair.
[   11.155990] cloud-init[666]: Your identification has been saved in /etc/ssh/ssh_host_ed25519_key.
         Starting LXD - unix socket.
[   11.160787] cloud-init[666]: Your public key has been saved in /etc/ssh/ssh_host_ed25519_key.pub.
[   11.165126] cloud-init[666]: The key fingerprint is:
[[0;32m  OK  [0m] Started ACPI Events Check.
[[0;32m  OK  [0m] Reached target Paths.
[[0;32m  OK  [0m] Listening on ACPID Listen Socket.
[[0;32m  OK  [0m] Started Daily apt upgrade and clean activities.
[[0;32m  OK  [0m] Listening on Open-iSCSI iscsid Socket.
[   11.171832] cloud-init[666]: SHA256:zCvTrh1wpEU0yDAcLg/0bilfCR79usy001aOWsa8K70 root@ubuntu-bionic
[[0;32m  OK  [0m] Started Daily Cleanup of Temporary Directories.
[[0;32m  OK  [0m] Reached target Timers.
[[0;32m  OK  [0m] Listening on UUID daemon activation socket.
[   11.180812] cloud-init[666]: The key's randomart image is:
[[0;32m  OK  [0m] Started Availability of block devices.
[   11.193226] [[0;32m  OK  [0m] Listening on Socket activation for snappy daemon.
[[0;32m  OK  [0m] Listening on LXD - unix socket.
cloud-init[666]: +--[ED25519 256]--+
[[0;32m  OK  [0m] Reached target Sockets.
[[0;32m  OK  [0m] Reached target Basic System.
[   11.197944] cloud-init[666]: |  ..++ o+        |
[   11.200529] cloud-init[666]: | . o.oo. .       |
[   11.201971] cloud-init[666]: |  o = . o        |
[   11.203063] cloud-init[666]: |   * + O         |
[   11.204355] cloud-init[666]: |  . * = S        |
[[0;32m  OK  [0m] Started D-Bus System Message Bus.
[   11.222423] cloud-init[666]: |   + . B ..      |
[   11.227120] cloud-init[666]: |    . =oO+       |
[   11.228654] cloud-init[666]: |     +oX=o.      |
[   11.229939] cloud-init[666]: |      B*Eo       |
[   11.231241] cloud-init[666]: +----[SHA256]-----+
[[0;32m  OK  [0m] Started irqbalance daemon.
[[0;32m  OK  [0m] Started Regular background program processing daemon.
         Starting LSB: automatic crash report generation...
         Starting Dispatcher daemon for systemd-networkd...
         Starting System Logging Service...
         Starting Permit User Sessions...
         Starting Accounts Service...
         Starting LSB: Record successful boot for GRUB...
         Starting Pollinate to seed the pseudo random number generator...
[[0;32m  OK  [0m] Started Deferred execution scheduler.
         Starting LXD - container startup/shutdown...
         Starting Snappy daemon...
         Starting Login Service...
[[0;32m  OK  [0m] Started FUSE filesystem for LXC.
         Starting Virtualbox guest utils...
[[0;32m  OK  [0m] Started System Logging Service.
[[0;32m  OK  [0m] Started Permit User Sessions.
         Starting Hold until boot process finishes up...
         Starting Terminate Plymouth Boot Screen...
[[0;32m  OK  [0m] Started Hold until boot process finishes up.
[[0;32m  OK  [0m] Started Serial Getty on ttyS0.
         Starting Set console scheme...
[[0;32m  OK  [0m] Started Terminate Plymouth Boot Screen.
[[0;32m  OK  [0m] Started Set console scheme.
[[0;32m  OK  [0m] Started Login Service.
[[0;32m  OK  [0m] Started Unattended Upgrades Shutdown.
[[0;32m  OK  [0m] Created slice system-getty.slice.
[[0;32m  OK  [0m] Started Getty on tty1.
[[0;32m  OK  [0m] Reached target Login Prompts.
[[0;32m  OK  [0m] Started LSB: automatic crash report generation.
         Starting Authorization Manager...
[[0;32m  OK  [0m] Started LSB: Record successful boot for GRUB.
[[0;32m  OK  [0m] Started Virtualbox guest utils.
[[0;32m  OK  [0m] Started Authorization Manager.
[[0;32m  OK  [0m] Started Accounts Service.
[[0;32m  OK  [0m] Started LXD - container startup/shutdown.
[[0;32m  OK  [0m] Started Dispatcher daemon for systemd-networkd.
[[0;32m  OK  [0m] Started Snappy daemon.
         Starting Wait until snapd is fully seeded...
[[0;32m  OK  [0m] Started Pollinate to seed the pseudo random number generator.
         Starting OpenBSD Secure Shell server...
[[0;32m  OK  [0m] Started OpenBSD Secure Shell server.
[[0;32m  OK  [0m] Created slice User Slice of vagrant.
         Starting User Manager for UID 1000...
[[0;32m  OK  [0m] Started Session 1 of user vagrant.
[[0;32m  OK  [0m] Started User Manager for UID 1000.
[[0;32m  OK  [0m] Started Wait until snapd is fully seeded.
[[0;32m  OK  [0m] Reached target Multi-User System.
[[0;32m  OK  [0m] Reached target Graphical Interface.
         Starting Update UTMP about System Runlevel Changes...
         Starting Apply the settings specified in cloud-config...
[[0;32m  OK  [0m] Started Update UTMP about System Runlevel Changes.
[   14.354860] cloud-init[1213]: Cloud-init v. 19.4-33-gbb4131a2-0ubuntu1~18.04.1 running 'modules:config' at Fri, 22 May 2020 20:56:16 +0000. Up 13.77 seconds.
[[0;32m  OK  [0m] Started Apply the settings specified in cloud-config.
         Starting Execute cloud user/final scripts...
ci-info: no authorized SSH keys fingerprints found for user ubuntu.
<14>May 22 20:56:17 ec2: 
<14>May 22 20:56:17 ec2: #############################################################
<14>May 22 20:56:17 ec2: -----BEGIN SSH HOST KEY FINGERPRINTS-----
<14>May 22 20:56:17 ec2: 1024 SHA256:D0+0OhIaHC6F31Q1DNE22pkfpnBLVWExiSAknk5tTFA root@ubuntu-bionic (DSA)
<14>May 22 20:56:17 ec2: 256 SHA256:lIkzmY/uZaTb8DFmDCpOk6BfdY2strCWavoVVixy48g root@ubuntu-bionic (ECDSA)
<14>May 22 20:56:17 ec2: 256 SHA256:zCvTrh1wpEU0yDAcLg/0bilfCR79usy001aOWsa8K70 root@ubuntu-bionic (ED25519)
<14>May 22 20:56:17 ec2: 2048 SHA256:o5/N4WRY0mRr7yCpvL84zicRGkzYaiPBqbDZB/XT/I4 root@ubuntu-bionic (RSA)
<14>May 22 20:56:17 ec2: -----END SSH HOST KEY FINGERPRINTS-----
<14>May 22 20:56:17 ec2: #############################################################
-----BEGIN SSH HOST KEY KEYS-----
ecdsa-sha2-nistp256 AAAAE2VjZHNhLXNoYTItbmlzdHAyNTYAAAAIbmlzdHAyNTYAAABBBA9NiRYJNyQrQ+IFPzT/R6tgtSx1cGlq3cC9ov6YWD4wfwVefQPQYqgsRjovF3BaWAiJjVdoydAXw6UuQib3hwA= root@ubuntu-bionic
ssh-ed25519 AAAAC3NzaC1lZDI1NTE5AAAAIO461QaVyB9zR0+gIkWIrYNLq42e1K7A0ujtrP52T/b+ root@ubuntu-bionic
ssh-rsa AAAAB3NzaC1yc2EAAAADAQABAAABAQC9dp6eGeOmKO35wndF2RfXz1mIbYIuYBMMvr2w6JNPLXsv/5Kds5NH7A+HtXjiwWTe9TFImgjBsYbw0lSs2irix7s2Osv5rHVLQjKcraaUe66Rz4nzE1UNX0kcJgYev1j5ZZe21/YXgS1gVsAn0c12y4vjZi7KK97CqpvduGJ/xvPsz0/rSuSaxXBnZe8+MWM0G9GkZiMsOLExpfx/AQn9Nzx962xLRpub2cZXQIF3gdZp5gFDeaaSqCWcUMugstJUWeq+YKpJG0xZSKENvL8HpHrtFO3BUJMzLKLFd1kyfWyoBRcxioctG8vT8k6ltOv75gy8aPh6/j2R1hs+H9Db root@ubuntu-bionic
-----END SSH HOST KEY KEYS-----
[   15.028998] cloud-init[1323]: Cloud-init v. 19.4-33-gbb4131a2-0ubuntu1~18.04.1 running 'modules:final' at Fri, 22 May 2020 20:56:17 +0000. Up 14.85 seconds.
[   15.030519] cloud-init[1323]: ci-info: no authorized SSH keys fingerprints found for user ubuntu.
[   15.034316] cloud-init[1323]: Cloud-init v. 19.4-33-gbb4131a2-0ubuntu1~18.04.1 finished at Fri, 22 May 2020 20:56:17 +0000. Datasource DataSourceNoCloud [seed=/dev/sdb][dsmode=net].  Up 15.02 seconds
[[0;32m  OK  [0m] Started Execute cloud user/final scripts.
[[0;32m  OK  [0m] Reached target Cloud-init target.

Ubuntu 18.04.4 LTS ubuntu-bionic ttyS0

ubuntu-bionic login: 